.<h1>"Hello & World"</h1>\n\t..Content cell 3..................